// Jest Snapshot v1, https://goo.gl/fbAQLP

exports[`Api Component should render correctly 1`] = `
<div
  className="ui segment"
>
  <button
    className="ui button"
    disabled={undefined}
    id="publicApi"
    onClick={[Function]}
    role="button"
    tabIndex={undefined}
  >
    Public Api
  </button>
  <button
    className="ui button"
    disabled={undefined}
    id="privateApi"
    onClick={[Function]}
    role="button"
    tabIndex={undefined}
  >
    Private Api
  </button>
</div>
`;
