// Jest Snapshot v1, https://goo.gl/fbAQLP

exports[`Api Component should render correctly 1`] = `
<div
  className="ui segments"
>
  <div
    className="ui segment"
  >
    <EmailApi />
  </div>
  <div
    className="ui segment"
  >
    <PublicApi />
  </div>
  <div
    className="ui segment"
  >
    <PrivateApi />
  </div>
  <div
    className="ui segment"
  >
    <FileApi />
  </div>
  <div
    className="ui segment"
  >
    <DbApi />
  </div>
</div>
`;
