// Jest Snapshot v1, https://goo.gl/fbAQLP

exports[`App renders correctly initialized=false 1`] = `
<div
  className="ui container"
>
  <loading-component />
</div>
`;

exports[`App renders correctly initialized=true 1`] = `
<div
  className="ui container"
>
  <div
    className="ui segment"
  >
    <div
      className="ui link list"
      role="list"
    >
      <a
        className="active item"
        data-value={undefined}
        href="/public"
        onClick={[Function]}
        role="listitem"
      >
        Public Page
      </a>
      <a
        className="item"
        data-value={undefined}
        href="/private"
        onClick={[Function]}
        role="listitem"
      >
        Private Page
      </a>
    </div>
  </div>
  <div
    className="ui segment"
  >
    Welcome!
  </div>
  <auth-status-component />
  <api-component />
</div>
`;
